Dell@DESKTOP-DKCVT69 MINGW64 ~/Desktop/Fel/Git (master)
$ cd "Clase 13"

Dell@DESKTOP-DKCVT69 MINGW64 ~/Desktop/Fel/Git/Clase 13 (master)
$ git init
Reinitialized existing Git repository in C:/Users/Dell/Desktop/Fel/Git/Clase 13/.git/

Dell@DESKTOP-DKCVT69 MINGW64 ~/Desktop/Fel/Git/Clase 13 (master)
$ git config user.name "Felix D."

Dell@DESKTOP-DKCVT69 MINGW64 ~/Desktop/Fel/Git/Clase 13 (master)
$ git config user.email "felixdoura@hotmail.com"

Dell@DESKTOP-DKCVT69 MINGW64 ~/Desktop/Fel/Git/Clase 13 (master)
$ git remote add origin https://github.com/felixdoura/Clase13.git

Dell@DESKTOP-DKCVT69 MINGW64 ~/Desktop/Fel/Git/Clase 13 (master)
$ git clone https://github.com/felixdoura/Clase13.git01~
Cloning into 'Clase13.git01~'...
fatal: unable to access 'https://github.com/felixdoura/Clase13.git01~/': The requested URL returned error: 400

Dell@DESKTOP-DKCVT69 MINGW64 ~/Desktop/Fel/Git/Clase 13 (master)
$ git clone https://github.com/felixdoura/documentos.git
Cloning into 'documentos'...
warning: You appear to have cloned an empty repository.

Dell@DESKTOP-DKCVT69 MINGW64 ~/Desktop/Fel/Git/Clase 13 (master)
$ cd "documentos"

Dell@DESKTOP-DKCVT69 MINGW64 ~/Desktop/Fel/Git/Clase 13/documentos (main)
$ touch app.js

Dell@DESKTOP-DKCVT69 MINGW64 ~/Desktop/Fel/Git/Clase 13/documentos (main)
$ git status
On branch main

No commits yet

Untracked files:
  (use "git add <file>..." to include in what will be committed)
        app.js

nothing added to commit but untracked files present (use "git add" to track)

Dell@DESKTOP-DKCVT69 MINGW64 ~/Desktop/Fel/Git/Clase 13/documentos (main)
$ git add app.js 

Dell@DESKTOP-DKCVT69 MINGW64 ~/Desktop/Fel/Git/Clase 13/documentos (main)
$ git status
On branch main

No commits yet

Changes to be committed:
  (use "git rm --cached <file>..." to unstage)
        new file:   app.js


Dell@DESKTOP-DKCVT69 MINGW64 ~/Desktop/Fel/Git/Clase 13/documentos (main)
$ git commit -m "mi primer commit"
[main (root-commit) b6550e6] mi primer commit
 1 file changed, 0 insertions(+), 0 deletions(-)
 create mode 100644 app.js

Dell@DESKTOP-DKCVT69 MINGW64 ~/Desktop/Fel/Git/Clase 13/documentos (main)
$ git status
On branch main
Your branch is based on 'origin/main', but the upstream is gone.
  (use "git branch --unset-upstream" to fixup)

nothing to commit, working tree clean


Dell@DESKTOP-DKCVT69 MINGW64 ~/Desktop/Fel/Git/Clase 13/documentos (main)
$ git push
Enumerating objects: 3, done.
Counting objects: 100% (3/3), done.
Writing objects: 100% (3/3), 209 bytes | 104.00 KiB/s, done.
Total 3 (delta 0), reused 0 (delta 0), pack-reused 0
To https://github.com/felixdoura/documentos.git
 * [new branch]      main -> main

Dell@DESKTOP-DKCVT69 MINGW64 ~/Desktop/Fel/Git/Clase 13/documentos (main)
$ git status
On branch main
Your branch is up to date with 'origin/main'.

nothing to commit, working tree clean

Dell@DESKTOP-DKCVT69 MINGW64 ~/Desktop/Fel/Git/Clase 13/documentos (main)
$